Enter password: *****
Welcome to the MySQL monitor.  Commands end with ; or \g.
Your MySQL connection id is 15
Server version: 5.5.62 MySQL Community Server (GPL)

Copyright (c) 2000, 2018, Oracle and/or its affiliates. All rights reserved.

Oracle is a registered trademark of Oracle Corporation and/or its
affiliates. Other names may be trademarks of their respective
owners.

Type 'help;' or '\h' for help. Type '\c' to clear the current input statement.

mysql> use sse;
Database changed
mysql> create table student (id int(15),address char(30),name varchar(15));
ERROR 1050 (42S01): Table 'student' already exists
mysql> desc student;
+--------+----------+------+-----+---------+-------+
| Field  | Type     | Null | Key | Default | Extra |
+--------+----------+------+-----+---------+-------+
| id     | int(5)   | YES  |     | NULL    |       |
| name   | char(20) | YES  |     | NULL    |       |
| gender | char(5)  | YES  |     | NULL    |       |
+--------+----------+------+-----+---------+-------+
3 rows in set (0.01 sec)

mysql> alter table student
    -> add column address char(30);
Query OK, 0 rows affected (0.02 sec)
Records: 0  Duplicates: 0  Warnings: 0

mysql> desc student;
+---------+----------+------+-----+---------+-------+
| Field   | Type     | Null | Key | Default | Extra |
+---------+----------+------+-----+---------+-------+
| id      | int(5)   | YES  |     | NULL    |       |
| name    | char(20) | YES  |     | NULL    |       |
| gender  | char(5)  | YES  |     | NULL    |       |
| address | char(30) | YES  |     | NULL    |       |
+---------+----------+------+-----+---------+-------+
4 rows in set (0.01 sec)

mysql> alter table student
    -> drop column gender;
Query OK, 0 rows affected (0.03 sec)
Records: 0  Duplicates: 0  Warnings: 0

mysql> desc student;
+---------+----------+------+-----+---------+-------+
| Field   | Type     | Null | Key | Default | Extra |
+---------+----------+------+-----+---------+-------+
| id      | int(5)   | YES  |     | NULL    |       |
| name    | char(20) | YES  |     | NULL    |       |
| address | char(30) | YES  |     | NULL    |       |
+---------+----------+------+-----+---------+-------+
3 rows in set (0.02 sec)

mysql>
